Model loading...
Model loaded.
Data loaded.
Float model eval...
{'': 6425507072, 'model': 6425507072, 'model.embed_tokens': 788004864, 'model.embed_tokens.weight': 788004864, 'model.layers': 5637495808, 'model.layers.0': 201339136, 'model.layers.1': 201339136, 'model.layers.2': 201339136, 'model.layers.3': 201339136, 'model.layers.4': 201339136, 'model.layers.5': 201339136, 'model.layers.6': 201339136, 'model.layers.7': 201339136, 'model.layers.8': 201339136, 'model.layers.9': 201339136, 'model.layers.10': 201339136, 'model.layers.11': 201339136, 'model.layers.12': 201339136, 'model.layers.13': 201339136, 'model.layers.14': 201339136, 'model.layers.15': 201339136, 'model.layers.16': 201339136, 'model.layers.17': 201339136, 'model.layers.18': 201339136, 'model.layers.19': 201339136, 'model.layers.20': 201339136, 'model.layers.21': 201339136, 'model.layers.22': 201339136, 'model.layers.23': 201339136, 'model.layers.24': 201339136, 'model.layers.25': 201339136, 'model.layers.26': 201339136, 'model.layers.27': 201339136, 'model.norm': 6144, 'model.norm.weight': 6144, 'model.rotary_emb': 256, 'model.rotary_emb.inv_freq': 256}
Float perplexity (pile_clm): 7.000
Applying model quantization...
Model quantization applied.
{'': 7349377384, 'model': 6561372520, 'model.embed_tokens': 788004864, 'model.embed_tokens.weight': 788004864, 'model.layers': 5773361384, 'model.layers.0': 206191478, 'model.layers.1': 206191478, 'model.layers.2': 206191478, 'model.layers.3': 206191478, 'model.layers.4': 206191478, 'model.layers.5': 206191478, 'model.layers.6': 206191478, 'model.layers.7': 206191478, 'model.layers.8': 206191478, 'model.layers.9': 206191478, 'model.layers.10': 206191478, 'model.layers.11': 206191478, 'model.layers.12': 206191478, 'model.layers.13': 206191478, 'model.layers.14': 206191478, 'model.layers.15': 206191478, 'model.layers.16': 206191478, 'model.layers.17': 206191478, 'model.layers.18': 206191478, 'model.layers.19': 206191478, 'model.layers.20': 206191478, 'model.layers.21': 206191478, 'model.layers.22': 206191478, 'model.layers.23': 206191478, 'model.layers.24': 206191478, 'model.layers.25': 206191478, 'model.layers.26': 206191478, 'model.layers.27': 206191478, 'model.norm': 6144, 'model.norm.weight': 6144, 'lm_head': 788004864, 'lm_head.weight': 788004864, 'model.rotary_emb': 128, 'model.rotary_emb.inv_freq': 128}
Applying GPTQ...
GPTQ applied.
Model eval...
Quantized perplexity (pile_clm): 9.500
{'all_acc': 0.5686253792082363,
 'all_acc_norm': 0.6019769765075711,
 'all_acc_norm_stderr': 0.009767359658076263,
 'all_acc_stderr': 0.010523304895634442,
 'leaderboard:arc:challenge:0_acc': 0.3455631399317406,
 'leaderboard:arc:challenge:0_acc_norm': 0.3779863481228669,
 'leaderboard:arc:challenge:0_acc_norm_stderr': 0.0141696645203031,
 'leaderboard:arc:challenge:0_acc_stderr': 0.013896938461145687,
 'leaderboard:hellaswag:0_acc': 0.49571798446524595,
 'leaderboard:hellaswag:0_acc_norm': 0.6699860585540729,
 'leaderboard:hellaswag:0_acc_norm_stderr': 0.0046925676559617735,
 'leaderboard:hellaswag:0_acc_stderr': 0.004989598426249545,
 'leaderboard:winogrande:0_acc': 0.5990528808208366,
 'leaderboard:winogrande:0_acc_stderr': 0.01377397455494803,
 'lighteval:arc:easy:0_acc': 0.6666666666666666,
 'lighteval:arc:easy:0_acc_norm': 0.6216329966329966,
 'lighteval:arc:easy:0_acc_norm_stderr': 0.009951575683331947,
 'lighteval:arc:easy:0_acc_stderr': 0.009673016668133385,
 'lighteval:piqa:0_acc': 0.736126224156692,
 'lighteval:piqa:0_acc_norm': 0.7383025027203483,
 'lighteval:piqa:0_acc_norm_stderr': 0.010255630772708232,
 'lighteval:piqa:0_acc_stderr': 0.010282996367695566}
