Model loading...
Model loaded.
Data loaded.
Float model eval...
{'': 2471630976, 'model': 2471630976, 'model.embed_tokens': 525336576, 'model.embed_tokens.weight': 525336576, 'model.layers': 1946290176, 'model.layers.0': 121643136, 'model.layers.1': 121643136, 'model.layers.2': 121643136, 'model.layers.3': 121643136, 'model.layers.4': 121643136, 'model.layers.5': 121643136, 'model.layers.6': 121643136, 'model.layers.7': 121643136, 'model.layers.8': 121643136, 'model.layers.9': 121643136, 'model.layers.10': 121643136, 'model.layers.11': 121643136, 'model.layers.12': 121643136, 'model.layers.13': 121643136, 'model.layers.14': 121643136, 'model.layers.15': 121643136, 'model.norm': 4096, 'model.norm.weight': 4096, 'model.rotary_emb': 128, 'model.rotary_emb.inv_freq': 128}
Float perplexity (pile_clm): 8.750
Applying model quantization...
Model quantization applied.
{'': 3049309088, 'model': 2523972512, 'model.embed_tokens': 525336576, 'model.embed_tokens.weight': 525336576, 'model.layers': 1998631776, 'model.layers.0': 124914486, 'model.layers.1': 124914486, 'model.layers.2': 124914486, 'model.layers.3': 124914486, 'model.layers.4': 124914486, 'model.layers.5': 124914486, 'model.layers.6': 124914486, 'model.layers.7': 124914486, 'model.layers.8': 124914486, 'model.layers.9': 124914486, 'model.layers.10': 124914486, 'model.layers.11': 124914486, 'model.layers.12': 124914486, 'model.layers.13': 124914486, 'model.layers.14': 124914486, 'model.layers.15': 124914486, 'model.norm': 4096, 'model.norm.weight': 4096, 'lm_head': 525336576, 'lm_head.weight': 525336576, 'model.rotary_emb': 64, 'model.rotary_emb.inv_freq': 64}
Applying GPTQ...
GPTQ applied.
Model eval...
Quantized perplexity (pile_clm): 13.812
{'all_acc': 0.48842502622708583,
 'all_acc_norm': 0.5069235408828366,
 'all_acc_norm_stderr': 0.009854994757332758,
 'all_acc_stderr': 0.010599423374276728,
 'leaderboard:arc:challenge:0_acc': 0.2687713310580205,
 'leaderboard:arc:challenge:0_acc_norm': 0.2935153583617747,
 'leaderboard:arc:challenge:0_acc_norm_stderr': 0.01330725044494112,
 'leaderboard:arc:challenge:0_acc_stderr': 0.012955065963710688,
 'leaderboard:hellaswag:0_acc': 0.4062935670185222,
 'leaderboard:hellaswag:0_acc_norm': 0.5351523600876319,
 'leaderboard:hellaswag:0_acc_norm_stderr': 0.00497743450540335,
 'leaderboard:hellaswag:0_acc_stderr': 0.004901368629533419,
 'leaderboard:winogrande:0_acc': 0.5343330702446725,
 'leaderboard:winogrande:0_acc_stderr': 0.014019317531542562,
 'lighteval:arc:easy:0_acc': 0.5580808080808081,
 'lighteval:arc:easy:0_acc_norm': 0.5189393939393939,
 'lighteval:arc:easy:0_acc_norm_stderr': 0.0102524204968945,
 'lighteval:arc:easy:0_acc_stderr': 0.010190328123071779,
 'lighteval:piqa:0_acc': 0.6746463547334058,
 'lighteval:piqa:0_acc_norm': 0.6800870511425462,
 'lighteval:piqa:0_acc_norm_stderr': 0.010882873582092062,
 'lighteval:piqa:0_acc_stderr': 0.010931036623525195}
