Model loading...
Model loaded.
Data loaded.
Float model eval...
{'': 2471630976, 'model': 2471630976, 'model.embed_tokens': 525336576, 'model.embed_tokens.weight': 525336576, 'model.layers': 1946290176, 'model.layers.0': 121643136, 'model.layers.1': 121643136, 'model.layers.2': 121643136, 'model.layers.3': 121643136, 'model.layers.4': 121643136, 'model.layers.5': 121643136, 'model.layers.6': 121643136, 'model.layers.7': 121643136, 'model.layers.8': 121643136, 'model.layers.9': 121643136, 'model.layers.10': 121643136, 'model.layers.11': 121643136, 'model.layers.12': 121643136, 'model.layers.13': 121643136, 'model.layers.14': 121643136, 'model.layers.15': 121643136, 'model.norm': 4096, 'model.norm.weight': 4096, 'model.rotary_emb': 128, 'model.rotary_emb.inv_freq': 128}
Float perplexity (pile_clm): 8.750
Applying model quantization...
Model quantization applied.
{'': 3049309088, 'model': 2523972512, 'model.embed_tokens': 525336576, 'model.embed_tokens.weight': 525336576, 'model.layers': 1998631776, 'model.layers.0': 124914486, 'model.layers.1': 124914486, 'model.layers.2': 124914486, 'model.layers.3': 124914486, 'model.layers.4': 124914486, 'model.layers.5': 124914486, 'model.layers.6': 124914486, 'model.layers.7': 124914486, 'model.layers.8': 124914486, 'model.layers.9': 124914486, 'model.layers.10': 124914486, 'model.layers.11': 124914486, 'model.layers.12': 124914486, 'model.layers.13': 124914486, 'model.layers.14': 124914486, 'model.layers.15': 124914486, 'model.norm': 4096, 'model.norm.weight': 4096, 'lm_head': 525336576, 'lm_head.weight': 525336576, 'model.rotary_emb': 64, 'model.rotary_emb.inv_freq': 64}
Applying GPTQ...
GPTQ applied.
Model eval...
Quantized perplexity (pile_clm): 13.812
{'all_acc': 0.4937616113156421,
 'all_acc_norm': 0.5210550024191293,
 'all_acc_norm_stderr': 0.009872275151679918,
 'all_acc_stderr': 0.010561737595606562,
 'leaderboard:arc:challenge:0_acc': 0.26621160409556316,
 'leaderboard:arc:challenge:0_acc_norm': 0.3122866894197952,
 'leaderboard:arc:challenge:0_acc_norm_stderr': 0.013542598541688065,
 'leaderboard:arc:challenge:0_acc_stderr': 0.012915774781523209,
 'leaderboard:hellaswag:0_acc': 0.40440151364270066,
 'leaderboard:hellaswag:0_acc_norm': 0.5425214100776737,
 'leaderboard:hellaswag:0_acc_norm_stderr': 0.004971704917267756,
 'leaderboard:hellaswag:0_acc_stderr': 0.004897728370737249,
 'leaderboard:winogrande:0_acc': 0.5343330702446725,
 'leaderboard:winogrande:0_acc_stderr': 0.01401931753154257,
 'lighteval:arc:easy:0_acc': 0.57996632996633,
 'lighteval:arc:easy:0_acc_norm': 0.5340909090909091,
 'lighteval:arc:easy:0_acc_norm_stderr': 0.010235908103438688,
 'lighteval:arc:easy:0_acc_stderr': 0.010127718838529328,
 'lighteval:piqa:0_acc': 0.6838955386289445,
 'lighteval:piqa:0_acc_norm': 0.6953210010881393,
 'lighteval:piqa:0_acc_norm_stderr': 0.010738889044325165,
 'lighteval:piqa:0_acc_stderr': 0.010848148455700457}
