Model loading...
Model loaded.
Data loaded.
Float model eval...
{'': 2471630976, 'model': 2471630976, 'model.embed_tokens': 525336576, 'model.embed_tokens.weight': 525336576, 'model.layers': 1946290176, 'model.layers.0': 121643136, 'model.layers.1': 121643136, 'model.layers.2': 121643136, 'model.layers.3': 121643136, 'model.layers.4': 121643136, 'model.layers.5': 121643136, 'model.layers.6': 121643136, 'model.layers.7': 121643136, 'model.layers.8': 121643136, 'model.layers.9': 121643136, 'model.layers.10': 121643136, 'model.layers.11': 121643136, 'model.layers.12': 121643136, 'model.layers.13': 121643136, 'model.layers.14': 121643136, 'model.layers.15': 121643136, 'model.norm': 4096, 'model.norm.weight': 4096, 'model.rotary_emb': 128, 'model.rotary_emb.inv_freq': 128}
Float perplexity (c4_clm): 8.750
Applying model quantization...
Model quantization applied.
{'': 3049309088, 'model': 2523972512, 'model.embed_tokens': 525336576, 'model.embed_tokens.weight': 525336576, 'model.layers': 1998631776, 'model.layers.0': 124914486, 'model.layers.1': 124914486, 'model.layers.2': 124914486, 'model.layers.3': 124914486, 'model.layers.4': 124914486, 'model.layers.5': 124914486, 'model.layers.6': 124914486, 'model.layers.7': 124914486, 'model.layers.8': 124914486, 'model.layers.9': 124914486, 'model.layers.10': 124914486, 'model.layers.11': 124914486, 'model.layers.12': 124914486, 'model.layers.13': 124914486, 'model.layers.14': 124914486, 'model.layers.15': 124914486, 'model.norm': 4096, 'model.norm.weight': 4096, 'lm_head': 525336576, 'lm_head.weight': 525336576, 'model.rotary_emb': 64, 'model.rotary_emb.inv_freq': 64}
Applying GPTQ...
GPTQ applied.
Model eval...
Quantized perplexity (c4_clm): 13.812
{'all_acc': 0.4944123171859485,
 'all_acc_norm': 0.515781339257102,
 'all_acc_norm_stderr': 0.00993164634761919,
 'all_acc_stderr': 0.010639506072818222,
 'leaderboard:arc:challenge:0_acc': 0.28071672354948807,
 'leaderboard:arc:challenge:0_acc_norm': 0.31569965870307165,
 'leaderboard:arc:challenge:0_acc_norm_stderr': 0.013582571095815293,
 'leaderboard:arc:challenge:0_acc_stderr': 0.013131238126975576,
 'leaderboard:hellaswag:0_acc': 0.4124676359290978,
 'leaderboard:hellaswag:0_acc_norm': 0.5433180641306513,
 'leaderboard:hellaswag:0_acc_norm_stderr': 0.004971019942726587,
 'leaderboard:hellaswag:0_acc_stderr': 0.004912723848944801,
 'leaderboard:winogrande:0_acc': 0.5540647198105761,
 'leaderboard:winogrande:0_acc_stderr': 0.013970093482330692,
 'lighteval:arc:easy:0_acc': 0.5572390572390572,
 'lighteval:arc:easy:0_acc_norm': 0.5294612794612794,
 'lighteval:arc:easy:0_acc_norm_stderr': 0.010241957728409683,
 'lighteval:arc:easy:0_acc_stderr': 0.010192333348394452,
 'lighteval:piqa:0_acc': 0.6675734494015234,
 'lighteval:piqa:0_acc_norm': 0.6746463547334058,
 'lighteval:piqa:0_acc_norm_stderr': 0.010931036623525195,
 'lighteval:piqa:0_acc_stderr': 0.010991141557445589}
