Model loading...
Model loaded.
Data loaded.
Float model eval...
{'': 2471630976, 'model': 2471630976, 'model.embed_tokens': 525336576, 'model.embed_tokens.weight': 525336576, 'model.layers': 1946290176, 'model.layers.0': 121643136, 'model.layers.1': 121643136, 'model.layers.2': 121643136, 'model.layers.3': 121643136, 'model.layers.4': 121643136, 'model.layers.5': 121643136, 'model.layers.6': 121643136, 'model.layers.7': 121643136, 'model.layers.8': 121643136, 'model.layers.9': 121643136, 'model.layers.10': 121643136, 'model.layers.11': 121643136, 'model.layers.12': 121643136, 'model.layers.13': 121643136, 'model.layers.14': 121643136, 'model.layers.15': 121643136, 'model.norm': 4096, 'model.norm.weight': 4096, 'model.rotary_emb': 128, 'model.rotary_emb.inv_freq': 128}
Float perplexity (wikitext2_clm): 8.750
Applying model quantization...
Model quantization applied.
{'': 3049309088, 'model': 2523972512, 'model.embed_tokens': 525336576, 'model.embed_tokens.weight': 525336576, 'model.layers': 1998631776, 'model.layers.0': 124914486, 'model.layers.1': 124914486, 'model.layers.2': 124914486, 'model.layers.3': 124914486, 'model.layers.4': 124914486, 'model.layers.5': 124914486, 'model.layers.6': 124914486, 'model.layers.7': 124914486, 'model.layers.8': 124914486, 'model.layers.9': 124914486, 'model.layers.10': 124914486, 'model.layers.11': 124914486, 'model.layers.12': 124914486, 'model.layers.13': 124914486, 'model.layers.14': 124914486, 'model.layers.15': 124914486, 'model.norm': 4096, 'model.norm.weight': 4096, 'lm_head': 525336576, 'lm_head.weight': 525336576, 'model.rotary_emb': 64, 'model.rotary_emb.inv_freq': 64}
Applying GPTQ...
GPTQ applied.
Model eval...
Quantized perplexity (wikitext2_clm): 13.562
{'all_acc': 0.4904739782879025,
 'all_acc_norm': 0.5070245865807238,
 'all_acc_norm_stderr': 0.009873131555686549,
 'all_acc_stderr': 0.010599675455869699,
 'leaderboard:arc:challenge:0_acc': 0.2696245733788396,
 'leaderboard:arc:challenge:0_acc_norm': 0.2986348122866894,
 'leaderboard:arc:challenge:0_acc_norm_stderr': 0.013374078615068749,
 'leaderboard:arc:challenge:0_acc_stderr': 0.012968040686869147,
 'leaderboard:hellaswag:0_acc': 0.41017725552678747,
 'leaderboard:hellaswag:0_acc_norm': 0.5419239195379406,
 'leaderboard:hellaswag:0_acc_norm_stderr': 0.004972210244020578,
 'leaderboard:hellaswag:0_acc_stderr': 0.004908604732082807,
 'leaderboard:winogrande:0_acc': 0.5374901341752171,
 'leaderboard:winogrande:0_acc_stderr': 0.014012928183336578,
 'lighteval:arc:easy:0_acc': 0.5593434343434344,
 'lighteval:arc:easy:0_acc_norm': 0.507996632996633,
 'lighteval:arc:easy:0_acc_norm_stderr': 0.010258471289841985,
 'lighteval:arc:easy:0_acc_stderr': 0.010187264635711984,
 'lighteval:piqa:0_acc': 0.675734494015234,
 'lighteval:piqa:0_acc_norm': 0.6795429815016322,
 'lighteval:piqa:0_acc_norm_stderr': 0.010887766073814883,
 'lighteval:piqa:0_acc_stderr': 0.01092153904134798}
