Model loading...
Model loaded.
Data loaded.
Float model eval...
{'': 2471630976, 'model': 2471630976, 'model.embed_tokens': 525336576, 'model.embed_tokens.weight': 525336576, 'model.layers': 1946290176, 'model.layers.0': 121643136, 'model.layers.1': 121643136, 'model.layers.2': 121643136, 'model.layers.3': 121643136, 'model.layers.4': 121643136, 'model.layers.5': 121643136, 'model.layers.6': 121643136, 'model.layers.7': 121643136, 'model.layers.8': 121643136, 'model.layers.9': 121643136, 'model.layers.10': 121643136, 'model.layers.11': 121643136, 'model.layers.12': 121643136, 'model.layers.13': 121643136, 'model.layers.14': 121643136, 'model.layers.15': 121643136, 'model.norm': 4096, 'model.norm.weight': 4096, 'model.rotary_emb': 128, 'model.rotary_emb.inv_freq': 128}
Float perplexity (c4_clm): 8.750
Applying model quantization...
Model quantization applied.
{'': 3049309088, 'model': 2523972512, 'model.embed_tokens': 525336576, 'model.embed_tokens.weight': 525336576, 'model.layers': 1998631776, 'model.layers.0': 124914486, 'model.layers.1': 124914486, 'model.layers.2': 124914486, 'model.layers.3': 124914486, 'model.layers.4': 124914486, 'model.layers.5': 124914486, 'model.layers.6': 124914486, 'model.layers.7': 124914486, 'model.layers.8': 124914486, 'model.layers.9': 124914486, 'model.layers.10': 124914486, 'model.layers.11': 124914486, 'model.layers.12': 124914486, 'model.layers.13': 124914486, 'model.layers.14': 124914486, 'model.layers.15': 124914486, 'model.norm': 4096, 'model.norm.weight': 4096, 'lm_head': 525336576, 'lm_head.weight': 525336576, 'model.rotary_emb': 64, 'model.rotary_emb.inv_freq': 64}
Applying GPTQ...
GPTQ applied.
Model eval...
Quantized perplexity (c4_clm): 13.812
{'all_acc': 0.4930538874092467,
 'all_acc_norm': 0.5058800324703387,
 'all_acc_norm_stderr': 0.009880440274182774,
 'all_acc_stderr': 0.010601274780310295,
 'leaderboard:arc:challenge:0_acc': 0.2738907849829352,
 'leaderboard:arc:challenge:0_acc_norm': 0.2977815699658703,
 'leaderboard:arc:challenge:0_acc_norm_stderr': 0.013363080107244489,
 'leaderboard:arc:challenge:0_acc_stderr': 0.013032004972989505,
 'leaderboard:hellaswag:0_acc': 0.4051981676956781,
 'leaderboard:hellaswag:0_acc_norm': 0.5345548695478988,
 'leaderboard:hellaswag:0_acc_norm_stderr': 0.004977851161904396,
 'leaderboard:hellaswag:0_acc_stderr': 0.004899270310557979,
 'leaderboard:winogrande:0_acc': 0.5580110497237569,
 'leaderboard:winogrande:0_acc_stderr': 0.013957584079108989,
 'lighteval:arc:easy:0_acc': 0.5513468013468014,
 'lighteval:arc:easy:0_acc_norm': 0.515993265993266,
 'lighteval:arc:easy:0_acc_norm_stderr': 0.010254533589288174,
 'lighteval:arc:easy:0_acc_stderr': 0.01020554041461287,
 'lighteval:piqa:0_acc': 0.676822633297062,
 'lighteval:piqa:0_acc_norm': 0.6751904243743199,
 'lighteval:piqa:0_acc_norm_stderr': 0.010926296238294038,
 'lighteval:piqa:0_acc_stderr': 0.010911974124282133}
