Model loading...
Model loaded.
Data loaded.
Float model eval...
{'': 2471630976, 'model': 2471630976, 'model.embed_tokens': 525336576, 'model.embed_tokens.weight': 525336576, 'model.layers': 1946290176, 'model.layers.0': 121643136, 'model.layers.1': 121643136, 'model.layers.2': 121643136, 'model.layers.3': 121643136, 'model.layers.4': 121643136, 'model.layers.5': 121643136, 'model.layers.6': 121643136, 'model.layers.7': 121643136, 'model.layers.8': 121643136, 'model.layers.9': 121643136, 'model.layers.10': 121643136, 'model.layers.11': 121643136, 'model.layers.12': 121643136, 'model.layers.13': 121643136, 'model.layers.14': 121643136, 'model.layers.15': 121643136, 'model.norm': 4096, 'model.norm.weight': 4096, 'model.rotary_emb': 128, 'model.rotary_emb.inv_freq': 128}
Float perplexity (c4_clm): 8.750
Applying model quantization...
Model quantization applied.
{'': 3049309088, 'model': 2523972512, 'model.embed_tokens': 525336576, 'model.embed_tokens.weight': 525336576, 'model.layers': 1998631776, 'model.layers.0': 124914486, 'model.layers.1': 124914486, 'model.layers.2': 124914486, 'model.layers.3': 124914486, 'model.layers.4': 124914486, 'model.layers.5': 124914486, 'model.layers.6': 124914486, 'model.layers.7': 124914486, 'model.layers.8': 124914486, 'model.layers.9': 124914486, 'model.layers.10': 124914486, 'model.layers.11': 124914486, 'model.layers.12': 124914486, 'model.layers.13': 124914486, 'model.layers.14': 124914486, 'model.layers.15': 124914486, 'model.norm': 4096, 'model.norm.weight': 4096, 'lm_head': 525336576, 'lm_head.weight': 525336576, 'model.rotary_emb': 64, 'model.rotary_emb.inv_freq': 64}
Applying GPTQ...
GPTQ applied.
Model eval...
Quantized perplexity (c4_clm): 13.812
{'all_acc': 0.49099842621466117,
 'all_acc_norm': 0.5084771092374898,
 'all_acc_norm_stderr': 0.009867930179836322,
 'all_acc_stderr': 0.01059228235188302,
 'leaderboard:arc:challenge:0_acc': 0.2687713310580205,
 'leaderboard:arc:challenge:0_acc_norm': 0.2986348122866894,
 'leaderboard:arc:challenge:0_acc_norm_stderr': 0.013374078615068757,
 'leaderboard:arc:challenge:0_acc_stderr': 0.01295506596371069,
 'leaderboard:hellaswag:0_acc': 0.40798645688109936,
 'leaderboard:hellaswag:0_acc_norm': 0.5409281019717188,
 'leaderboard:hellaswag:0_acc_norm_stderr': 0.00497303645386371,
 'leaderboard:hellaswag:0_acc_stderr': 0.004904561795919012,
 'leaderboard:winogrande:0_acc': 0.5445935280189423,
 'leaderboard:winogrande:0_acc_stderr': 0.013996485037729779,
 'lighteval:arc:easy:0_acc': 0.5568181818181818,
 'lighteval:arc:easy:0_acc_norm': 0.5126262626262627,
 'lighteval:arc:easy:0_acc_norm_stderr': 0.010256511718330589,
 'lighteval:arc:easy:0_acc_stderr': 0.01019332483777349,
 'lighteval:piqa:0_acc': 0.676822633297062,
 'lighteval:piqa:0_acc_norm': 0.6817192600652884,
 'lighteval:piqa:0_acc_norm_stderr': 0.010868093932082228,
 'lighteval:piqa:0_acc_stderr': 0.01091197412428213}
