Model loading...
Model loaded.
Data loaded.
Float model eval...
{'': 2471630976, 'model': 2471630976, 'model.embed_tokens': 525336576, 'model.embed_tokens.weight': 525336576, 'model.layers': 1946290176, 'model.layers.0': 121643136, 'model.layers.1': 121643136, 'model.layers.2': 121643136, 'model.layers.3': 121643136, 'model.layers.4': 121643136, 'model.layers.5': 121643136, 'model.layers.6': 121643136, 'model.layers.7': 121643136, 'model.layers.8': 121643136, 'model.layers.9': 121643136, 'model.layers.10': 121643136, 'model.layers.11': 121643136, 'model.layers.12': 121643136, 'model.layers.13': 121643136, 'model.layers.14': 121643136, 'model.layers.15': 121643136, 'model.norm': 4096, 'model.norm.weight': 4096, 'model.rotary_emb': 128, 'model.rotary_emb.inv_freq': 128}
Float perplexity (wikitext2_clm): 8.750
Applying model quantization...
Model quantization applied.
{'': 3049309088, 'model': 2523972512, 'model.embed_tokens': 525336576, 'model.embed_tokens.weight': 525336576, 'model.layers': 1998631776, 'model.layers.0': 124914486, 'model.layers.1': 124914486, 'model.layers.2': 124914486, 'model.layers.3': 124914486, 'model.layers.4': 124914486, 'model.layers.5': 124914486, 'model.layers.6': 124914486, 'model.layers.7': 124914486, 'model.layers.8': 124914486, 'model.layers.9': 124914486, 'model.layers.10': 124914486, 'model.layers.11': 124914486, 'model.layers.12': 124914486, 'model.layers.13': 124914486, 'model.layers.14': 124914486, 'model.layers.15': 124914486, 'model.norm': 4096, 'model.norm.weight': 4096, 'lm_head': 525336576, 'lm_head.weight': 525336576, 'model.rotary_emb': 64, 'model.rotary_emb.inv_freq': 64}
Applying GPTQ...
GPTQ applied.
Model eval...
Quantized perplexity (wikitext2_clm): 13.812
{'all_acc': 0.4843292653062801,
 'all_acc_norm': 0.5083000975822183,
 'all_acc_norm_stderr': 0.009882660164064656,
 'all_acc_stderr': 0.010602359300769384,
 'leaderboard:arc:challenge:0_acc': 0.26791808873720135,
 'leaderboard:arc:challenge:0_acc_norm': 0.30631399317406144,
 'leaderboard:arc:challenge:0_acc_norm_stderr': 0.013470584417276513,
 'leaderboard:arc:challenge:0_acc_stderr': 0.012942030195136437,
 'leaderboard:hellaswag:0_acc': 0.40509858593905596,
 'leaderboard:hellaswag:0_acc_norm': 0.5339573790081658,
 'leaderboard:hellaswag:0_acc_norm_stderr': 0.004978260641742203,
 'leaderboard:hellaswag:0_acc_stderr': 0.004899078300184249,
 'leaderboard:winogrande:0_acc': 0.5303867403314917,
 'leaderboard:winogrande:0_acc_stderr': 0.01402651083942875,
 'lighteval:arc:easy:0_acc': 0.5425084175084175,
 'lighteval:arc:easy:0_acc_norm': 0.5063131313131313,
 'lighteval:arc:easy:0_acc_norm_stderr': 0.010258965668044438,
 'lighteval:arc:easy:0_acc_stderr': 0.010222638127749496,
 'lighteval:piqa:0_acc': 0.675734494015234,
 'lighteval:piqa:0_acc_norm': 0.6866158868335147,
 'lighteval:piqa:0_acc_norm_stderr': 0.010822829929195468,
 'lighteval:piqa:0_acc_stderr': 0.010921539041347988}
